[lebd2013.wordpress.com/index.html]
[backblue.gif]
[fade.gif]
[index.html]
[lebd2013.wordpress.com/index.html]
[lebd2013.wordpress.com/xmlrpc.php]
[lebd2013.wordpress.com/feed/index.html]
[lebd2013.wordpress.com/xmlrpc0db0.php]
[lebd2013.wordpress.com/feed/index.html]
[lebd2013.wordpress.com/comments/feed/index.html]
[lebd2013.wordpress.com/comments/feed/index.html]
[s0.wp.com/i/webclipd263.png]
[lebd2013.wordpress.com/about/index.html]
[lebd2013.wordpress.com/about/index.html]
[lebd2013.wordpress.com/indexdd8f.html]
[lebd2013.wordpress.com/thermal-modelling-demand-reduction/index.html]
[lebd2013.wordpress.com/osd.xml]
[lebd2013.wordpress.com/thermal-modelling-demand-reduction/index.html]
[lebd2013.wordpress.com/indexdd8f.html]
[lebd2013.wordpress.com/site-analysis/index.html]
[lebd2013.wordpress.com/site-analysis/index.html]
[lebd2013.wordpress.com/site-analysis/map-and-location/index.html]
[lebd2013.wordpress.com/site-analysis/design-brief/index.html]
[lebd2013.wordpress.com/site-analysis/climate-2/index.html]
[lebd2013.wordpress.com/site-analysis/design-brief/index.html]
[lebd2013.wordpress.com/site-analysis/map-and-location/index.html]
[lebd2013.wordpress.com/design/index.html]
[lebd2013.wordpress.com/site-analysis/climate-2/index.html]
[lebd2013.wordpress.com/design/location-and-orientation/index.html]
[lebd2013.wordpress.com/design/index.html]
[lebd2013.wordpress.com/design/geometry/index.html]
[lebd2013.wordpress.com/design/location-and-orientation/index.html]
[lebd2013.wordpress.com/design/geometry/geometry-development/index.html]
[lebd2013.wordpress.com/design/geometry/index.html]
[lebd2013.wordpress.com/design/geometry/3d-renders/index.html]
[lebd2013.wordpress.com/design/geometry/geometry-development/index.html]
[lebd2013.wordpress.com/design/geometry/2d-plans/index.html]
[lebd2013.wordpress.com/design/materials/index.html]
[lebd2013.wordpress.com/design/geometry/2d-plans/index.html]
[lebd2013.wordpress.com/design/geometry/3d-renders/index.html]
[lebd2013.wordpress.com/thermal-modelling-demand-reduction/evolution-of-the-thermal-model/index.html]
[lebd2013.wordpress.com/lighting/index.html]
[lebd2013.wordpress.com/thermal-modelling-demand-reduction/iteration-summary/index.html]
[lebd2013.wordpress.com/thermal-modelling-demand-reduction/comfort-analysis/index.html]
[lebd2013.files.wordpress.com/2013/05/timber-cladding.jpg]
[lebd2013.files.wordpress.com/2013/05/triple-glazing.jpg]
[lebd2013.wordpress.com/lighting/dialux-4-11/index.html]
[lebd2013.wordpress.com/lighting/requirements/index.html]
[lebd2013.wordpress.com/lighting/dialux-evo/index.html]
[lebd2013.wordpress.com/design/materials/index.html]
[lebd2013.wordpress.com/thermal-modelling-demand-reduction/evolution-of-the-thermal-model/index.html]
[lebd2013.wordpress.com/thermal-modelling-demand-reduction/iteration-summary/index.html]
[lebd2013.wordpress.com/thermal-modelling-demand-reduction/comfort-analysis/index.html]
[lebd2013.wordpress.com/lighting/annual-demand/index.html]
[lebd2013.wordpress.com/lighting/index.html]
[lebd2013.wordpress.com/energy-systems/index.html]
[lebd2013.wordpress.com/lighting/requirements/index.html]
[lebd2013.wordpress.com/energy-systems/appliance-demand/index.html]
[lebd2013.wordpress.com/energy-systems/ground-source-heat-pump-selection/index.html]
[lebd2013.wordpress.com/lighting/dialux-evo/index.html]
[lebd2013.wordpress.com/hot-water-demand/index.html]
[lebd2013.wordpress.com/lighting/dialux-4-11/index.html]
[lebd2013.wordpress.com/energy-systems/mvhr-selection/index.html]
[lebd2013.wordpress.com/energy-generation/index.html]
[lebd2013.files.wordpress.com/2013/05/angolo-sinistro1.jpg]
[lebd2013.wordpress.com/lighting/annual-demand/index.html]
[lebd2013.wordpress.com/data-integration/index.html]
[lebd2013.wordpress.com/energy-systems/index.html]
[lebd2013.wordpress.com/energy-generation/electrical-demand-supply-matching/index.html]
[lebd2013.files.wordpress.com/2013/05/angolo-sinistro15f35.jpg]
[lebd2013.wordpress.com/energy-systems/appliance-demand/index.html]
[lebd2013.wordpress.com/energy-systems/ground-source-heat-pump-selection/index.html]
[lebd2013.wordpress.com/about/feed/index.html]
[lebd2013.wordpress.com/wp-content/plugins/ie-sitemode/custom-jumplist.php]
[lebd2013.wordpress.com/energy-systems/mvhr-selection/index.html]
[lebd2013.wordpress.com/hot-water-demand/index.html]
[lebd2013.wordpress.com/energy-generation/index.html]
[lebd2013.wordpress.com/energy-generation/electrical-demand-supply-matching/index.html]
[lebd2013.wordpress.com/site-analysis/map-and-location/feed/index.html]
[lebd2013.wordpress.com/data-integration/index.html]
[lebd2013.wordpress.com/iteration-summary/index.html]
[lebd2013.files.wordpress.com/2013/04/location-cerchio-rosso07e1.jpg]
[lebd2013.files.wordpress.com/2013/05/site.png]
[lebd2013.wordpress.com/overview/site-analysis/map-and-location/index.html]
[lebd2013.wordpress.com/overview/site-analysis/climate-2/index.html]
[lebd2013.files.wordpress.com/2013/05/siteaa78.png]
[lebd2013.files.wordpress.com/2013/05/site1b5c5.png]
[lebd2013.files.wordpress.com/2013/05/hdd_cdd.png]
[lebd2013.files.wordpress.com/2013/05/site2a57f.png]
[lebd2013.files.wordpress.com/2013/05/hdd_cdd5e89.png]
[lebd2013.files.wordpress.com/2013/05/inserimento.jpg]
[lebd2013.files.wordpress.com/2013/05/inserimentoe7c1.jpg]
[lebd2013.files.wordpress.com/2013/05/g-first.jpg]
[lebd2013.wordpress.com/electrical-demand-supply-matching/index.html]
[lebd2013.files.wordpress.com/2013/05/immagine1.png]
[lebd2013.files.wordpress.com/2013/05/g-firste2e9.jpg]
[lebd2013.files.wordpress.com/2013/05/immagine1dac4.png]
[lebd2013.files.wordpress.com/2013/05/g-second1.jpg]
[lebd2013.files.wordpress.com/2013/05/g-second1c99a.jpg]
[lebd2013.files.wordpress.com/2013/05/g2-with-flat-roof.jpg]
[lebd2013.files.wordpress.com/2013/05/g2-with-flat-roof098d.jpg]
[lebd2013.files.wordpress.com/2013/05/tris.jpg]
[lebd2013.files.wordpress.com/2013/05/piani-allineati.jpg]
[lebd2013.files.wordpress.com/2013/05/angolo-sx.jpg]
[lebd2013.files.wordpress.com/2013/05/piani-allineati3a9b.jpg]
[lebd2013.files.wordpress.com/2013/05/lato-sx18865.jpg]
[lebd2013.files.wordpress.com/2013/05/angolo-sx8865.jpg]
[lebd2013.files.wordpress.com/2013/05/frontale1.jpg]
[lebd2013.files.wordpress.com/2013/05/frontale15f35.jpg]
[lebd2013.files.wordpress.com/2013/05/angolo-destro18865.jpg]
[lebd2013.files.wordpress.com/2013/05/lato-dx1.jpg]
[lebd2013.files.wordpress.com/2013/05/wall.jpg]
[lebd2013.files.wordpress.com/2013/05/lato-dx18865.jpg]
[lebd2013.files.wordpress.com/2013/05/wall26f8.jpg]
[lebd2013.files.wordpress.com/2013/05/timber-cladding3a9b.jpg]
[lebd2013.files.wordpress.com/2013/05/tris794b.jpg]
[lebd2013.files.wordpress.com/2013/05/pitched-roof.jpg]
[lebd2013.files.wordpress.com/2013/05/roof3a9b.jpg]
[lebd2013.files.wordpress.com/2013/05/pitched-roof0a43.jpg]
[lebd2013.files.wordpress.com/2013/05/window045e.jpg]
[lebd2013.files.wordpress.com/2013/05/triple-glazing86e6.jpg]
[lebd2013.files.wordpress.com/2013/05/doord754.jpg]
[lebd2013.files.wordpress.com/2013/05/door.jpg]
[lebd2013.files.wordpress.com/2013/05/selection_005.png]
[lebd2013.files.wordpress.com/2013/05/selection_0055804.png]
[lebd2013.wordpress.com/thermal-modelling-demand-reduction/evolution-of-the-thermal-model/feed/index.html]
[lebd2013.wordpress.com/lighting/requirements/feed/index.html]
[lebd2013.wordpress.com/lighting/dialux-evo/feed/index.html]
[lebd2013.files.wordpress.com/2013/03/cropped-header.png]
[lebd2013.files.wordpress.com/2013/05/living-room1.jpg]
[lebd2013.files.wordpress.com/2013/03/cropped-header3a9b.png]
[lebd2013.files.wordpress.com/2013/05/lux-per-rooms-e1367424543730.jpg]
[lebd2013.files.wordpress.com/2013/05/living-room189ac.jpg]
[lebd2013.files.wordpress.com/2013/05/bedroom_1.jpg]
[lebd2013.files.wordpress.com/2013/05/lux-per-rooms-e1367424543730cb01.jpg]
[lebd2013.files.wordpress.com/2013/05/bedroom_2.jpg]
[lebd2013.files.wordpress.com/2013/05/bedroom_194ef.jpg]
[lebd2013.files.wordpress.com/2013/05/bedroom-3.jpg]
[lebd2013.files.wordpress.com/2013/05/bedroom_25ff6.jpg]
[lebd2013.files.wordpress.com/2013/05/bedroom-34b05.jpg]
[lebd2013.files.wordpress.com/2013/05/bedroom_4.jpg]
[lebd2013.files.wordpress.com/2013/05/corridor.jpg]
[lebd2013.files.wordpress.com/2013/05/bedroom_43095.jpg]
[lebd2013.files.wordpress.com/2013/05/corridor0a42.jpg]
[lebd2013.files.wordpress.com/2013/05/toilet_1.jpg]
[lebd2013.files.wordpress.com/2013/05/toilet-2.jpg]
[lebd2013.files.wordpress.com/2013/05/toilet_10576.jpg]
[lebd2013.files.wordpress.com/2013/05/toilet-20576.jpg]
[lebd2013.files.wordpress.com/2013/05/garage.jpg]
[lebd2013.files.wordpress.com/2013/05/garagef1aa.jpg]
[lebd2013.files.wordpress.com/2013/05/stairway-1.jpg]
[lebd2013.files.wordpress.com/2013/05/stairway-1f1aa.jpg]
[lebd2013.files.wordpress.com/2013/05/stairway-2.jpg]
[lebd2013.files.wordpress.com/2013/05/stairway-220b1.jpg]
[lebd2013.wordpress.com/lighting/dialux-4-11/feed/index.html]
[lebd2013.files.wordpress.com/2013/05/kitchen-17-01-2013-12001.jpg]
[lebd2013.files.wordpress.com/2013/05/kitchen-17-07-2013-12001.jpg]
[lebd2013.files.wordpress.com/2013/05/kitchen-17-01-2013-120013a9b.jpg]
[lebd2013.files.wordpress.com/2013/05/bedroom-1-17-01-2013-1200.jpg]
[lebd2013.files.wordpress.com/2013/05/kitchen-17-07-2013-120013a9b.jpg]
[lebd2013.files.wordpress.com/2013/05/bedroom-1-17-07-2013-1200.jpg]
[lebd2013.files.wordpress.com/2013/05/bedroom-1-17-01-2013-12003a9b.jpg]
[lebd2013.files.wordpress.com/2013/05/bedroom-2-17-01-2013-1200.jpg]
[lebd2013.files.wordpress.com/2013/05/bedroom-1-17-07-2013-12003a9b.jpg]
[lebd2013.files.wordpress.com/2013/05/bedroom-2-17-07-2013-1200.jpg]
[lebd2013.files.wordpress.com/2013/05/bedroom-2-17-01-2013-12003a9b.jpg]
[lebd2013.files.wordpress.com/2013/05/bedroom-3-17-01-2013-1200.jpg]
[lebd2013.files.wordpress.com/2013/05/bedroom-2-17-07-2013-12003a9b.jpg]
[lebd2013.files.wordpress.com/2013/05/bedroom-3-17-01-2013-12003a9b.jpg]
[lebd2013.files.wordpress.com/2013/05/bedroom-3-17-07-2013-1200.jpg]
[lebd2013.files.wordpress.com/2013/05/bedroom-4-17-01-2013-1200.jpg]
[lebd2013.files.wordpress.com/2013/05/bedroom-3-17-07-2013-12003a9b.jpg]
[lebd2013.files.wordpress.com/2013/05/bedroom-4-17-01-2013-12003a9b.jpg]
[lebd2013.files.wordpress.com/2013/05/bedroom-4-17-07-2013-1200.jpg]
[lebd2013.files.wordpress.com/2013/05/bedroom-4-17-07-2013-12003a9b.jpg]
[lebd2013.files.wordpress.com/2013/05/bedroom-4-17-07-2013-1200.jpg]
[lebd2013.files.wordpress.com/2013/05/stairway-17-01-2013-1200.jpg]
[lebd2013.files.wordpress.com/2013/05/stairway-17-01-2013-12003a9b.jpg]
[lebd2013.files.wordpress.com/2013/05/stairway-17-07-2013-1200.jpg]
[lebd2013.files.wordpress.com/2013/05/stairway-17-07-2013-12003a9b.jpg]
[lebd2013.wordpress.com/lighting/annual-demand/feed/index.html]
[lebd2013.files.wordpress.com/2013/05/annual-demand.jpg]
[lebd2013.wordpress.com/lighting/type-of-bulbs-used/index.html]
[lebd2013.wordpress.com/lighting/type-of-bulbs-used/index.html]
[lebd2013.files.wordpress.com/2013/05/annual-demand3a9b.jpg]
[lebd2013.files.wordpress.com/2013/05/annual-demand-table.jpg]
[lebd2013.wordpress.com/lighting/useage/index.html]
[lebd2013.wordpress.com/lighting/useage/index.html]
[lebd2013.files.wordpress.com/2013/05/annual-demand-table3a9b.jpg]
[lebd2013.files.wordpress.com/2013/05/system423a.png]
[lebd2013.files.wordpress.com/2013/05/system.png]
[lebd2013.files.wordpress.com/2013/05/weekday.png]
[lebd2013.wordpress.com/energy-systems/appliance-demand/feed/index.html]
[lebd2013.files.wordpress.com/2013/05/weekdayd728.png]
[lebd2013.files.wordpress.com/2013/05/weekend.png]
[lebd2013.files.wordpress.com/2013/05/weekendcb42.png]
[lebd2013.files.wordpress.com/2013/05/horizontal.png]
[lebd2013.files.wordpress.com/2013/05/deep.jpg]
[lebd2013.files.wordpress.com/2013/05/horizontala2c7.png]
[lebd2013.files.wordpress.com/2013/05/pump.jpg]
[lebd2013.files.wordpress.com/2013/05/deep2f36.jpg]
[lebd2013.files.wordpress.com/2013/05/pumpc5b2.jpg]
[lebd2013.files.wordpress.com/2013/05/mvhr.png]
[lebd2013.wordpress.com/energy-systems/mvhr-selection/feed/index.html]
[lebd2013.files.wordpress.com/2013/05/mvhr3a9b.png]
[lebd2013.files.wordpress.com/2013/03/untitled321d5.jpg]
[lebd2013.files.wordpress.com/2013/05/hot_water_electrical_demand.jpg]
[lebd2013.files.wordpress.com/2013/05/hot_water_electrical_demand1e4d.jpg]
[lebd2013.files.wordpress.com/2013/05/bbs_go_green_systems.jpg]
[lebd2013.files.wordpress.com/2013/03/untitled3.jpg]
[lebd2013.files.wordpress.com/2013/05/bbs_go_green_systems6e5f.jpg]
[lebd2013.files.wordpress.com/2013/03/inverter8694.png]
[lebd2013.files.wordpress.com/2013/03/untitled1.jpg]
[lebd2013.files.wordpress.com/2013/03/untitled120b1.jpg]
[lebd2013.files.wordpress.com/2013/03/monthly_pv_output.png]
[lebd2013.files.wordpress.com/2013/03/monthly_pv_output20b1.png]
[lebd2013.files.wordpress.com/2013/03/inverter.png]
[lebd2013.wordpress.com/energy-generation/electrical-demand-supply-matching/feed/index.html]
[lebd2013.files.wordpress.com/2013/05/untitled5.png]
[lebd2013.files.wordpress.com/2013/05/untitled5f13d.png]
[lebd2013.files.wordpress.com/2013/05/untitled6.png]
[lebd2013.files.wordpress.com/2013/05/untitled6f13d.png]
[lebd2013.files.wordpress.com/2013/05/untitled4d6b7.jpg]
[lebd2013.files.wordpress.com/2013/05/untitled4.jpg]
[lebd2013.wordpress.com/data-integration/feed/index.html]
[lebd2013.files.wordpress.com/2013/05/selection_002.png]
[lebd2013.wordpress.com/data-integration/feed/index.html]
[lebd2013.files.wordpress.com/2013/05/selection_003.png]
[lebd2013.files.wordpress.com/2013/05/selection_00228ab.png]
[lebd2013.files.wordpress.com/2013/05/triple-glazing.jpg]
[lebd2013.files.wordpress.com/2013/05/window.jpg]
[lebd2013.files.wordpress.com/2013/05/selection_00326ad.png]
[lebd2013.files.wordpress.com/2013/05/type-of-bulbs.jpg]
[lebd2013.wordpress.com/lighting/type-of-bulbs-used/feed/index.html]
[lebd2013.files.wordpress.com/2013/05/triple-glazing.jpg]
[lebd2013.files.wordpress.com/2013/05/type-of-bulbs3a9b.jpg]
[lebd2013.wordpress.com/lighting/useage/feed/index.html]
[lebd2013.files.wordpress.com/2013/05/living-room2.jpg]
[lebd2013.files.wordpress.com/2013/05/kitchen.jpg]
[lebd2013.files.wordpress.com/2013/05/living-room23a9b.jpg]
[lebd2013.files.wordpress.com/2013/05/kitchen3a9b.jpg]
[lebd2013.files.wordpress.com/2013/05/bedroom-11.jpg]
[lebd2013.files.wordpress.com/2013/05/bedroom-113a9b.jpg]
[lebd2013.files.wordpress.com/2013/05/bedroom-213a9b.jpg]
[lebd2013.files.wordpress.com/2013/05/bedroom-21.jpg]
[lebd2013.files.wordpress.com/2013/05/bedroom-31.jpg]
[lebd2013.files.wordpress.com/2013/05/bedroom-313a9b.jpg]
[lebd2013.files.wordpress.com/2013/05/bedroom-41.jpg]
[lebd2013.files.wordpress.com/2013/05/bedroom-413a9b.jpg]
[lebd2013.files.wordpress.com/2013/05/toilet-11.jpg]
[lebd2013.files.wordpress.com/2013/05/toilet-113a9b.jpg]
[lebd2013.files.wordpress.com/2013/05/toilet-21.jpg]
[lebd2013.files.wordpress.com/2013/05/toilet-213a9b.jpg]
[lebd2013.files.wordpress.com/2013/05/garage1.jpg]
[lebd2013.files.wordpress.com/2013/05/garage13a9b.jpg]
[lebd2013.files.wordpress.com/2013/05/stairway-11.jpg]
[lebd2013.files.wordpress.com/2013/05/stairway-113a9b.jpg]
[lebd2013.files.wordpress.com/2013/05/stairway-21.jpg]
[lebd2013.files.wordpress.com/2013/05/stairway-213a9b.jpg]
[lebd2013.files.wordpress.com/2013/05/corridor1.jpg]
[lebd2013.files.wordpress.com/2013/05/corridor13a9b.jpg]
